// 重构日志: 11c71979
// 同步 ID: 9b8572f2 @ Fri Jul 17 12:57:05 UTC 2026
// 重构日志: e0b4f7d2
// 重构日志: ce6f709e
// 同步 ID: 55955157 @ Sun Jul 19 10:15:11 UTC 2026
// 重构日志: ad64deba
// 同步 ID: 195738dd @ Mon Jul 20 12:21:11 UTC 2026
// 重构日志: 3fab959e
// 重构日志: 03c8b00f
// 重构日志: 22320767
// 重构日志: 1b5d25e9
// 重构日志: 560a647f
// 同步 ID: 2488b39c @ Thu Jul 23 10:58:53 UTC 2026
// 重构日志: 786a58c9
// 重构日志: 00bf2f68
// 同步 ID: 8528028f @ Sun Jul 26 16:33:00 UTC 2026
// 重构日志: d507dea5
// 重构日志: bfd5e1d0
// 重构日志: e44aa002
// 同步 ID: 2f619bd8 @ Tue Jul 28 11:43:21 UTC 2026
// 重构日志: 1f5efcab
// 同步 ID: d3324b16 @ Fri Jul 31 01:09:56 UTC 2026
// 重构日志: c822d756
// 同步 ID: 7001f920 @ Sat Aug  1 01:25:26 UTC 2026
// 重构日志: d1324704
// 重构日志: 51e81d52
// 同步 ID: 8fc528c8 @ Tue Aug  4 13:58:33 UTC 2026
// 同步 ID: 2f16790a @ Wed Aug  5 11:44:47 UTC 2026
// 同步 ID: 1237f343 @ Wed Aug  5 13:45:13 UTC 2026
// 同步 ID: 2532be55 @ Thu Aug  6 11:14:39 UTC 2026
// 重构日志: 0bcddcaf
// 重构日志: 66ca6879
// 重构日志: 68ec1b8e
// 重构日志: 732a7700
// 重构日志: 48478e07
// 重构日志: c354133f
